current directory: /home/neko/rails/first/vendor/bundle/ruby/3.4.0/gems/puma-8.0.2/ext/puma_http11
/usr/bin/ruby extconf.rb
checking for pkg-config for openssl... [" ", "", "-lssl -lcrypto"]
──── Using OpenSSL pkgconfig (openssl.pc) ────
checking for openssl/bio.h... yes

──── Below are yes for 1.0.2 & later ────
checking for DTLS_method() in openssl/ssl.h... yes
checking for SSL_CTX_set_session_cache_mode(NULL, 0) in openssl/ssl.h... yes

──── Below are yes for 1.1.0 & later ────
checking for TLS_server_method() in openssl/ssl.h... yes
checking for SSL_CTX_set_min_proto_version(NULL, 0) in openssl/ssl.h... yes

──── Below is yes for 1.1.0 and later, but isn't documented until 3.0.0 ────
checking for SSL_CTX_set_dh_auto(NULL, 0) in openssl/ssl.h... yes

──── Below is yes for 1.1.1 & later ────
checking for SSL_CTX_set_ciphersuites(NULL, "") in openssl/ssl.h... yes

──── Below is yes for 3.0.0 & later ────
checking for SSL_get1_peer_certificate() in openssl/ssl.h... yes

creating Makefile

current directory: /home/neko/rails/first/vendor/bundle/ruby/3.4.0/gems/puma-8.0.2/ext/puma_http11
make -j3 DESTDIR\= sitearchdir\=./.gem.20260916-9884-kwzqt9 sitelibdir\=./.gem.20260916-9884-kwzqt9 clean
make: 警告: 子 make 中强制 -j3: 重置 jobserver 模式。

current directory: /home/neko/rails/first/vendor/bundle/ruby/3.4.0/gems/puma-8.0.2/ext/puma_http11
make -j3 DESTDIR\= sitearchdir\=./.gem.20260916-9884-kwzqt9 sitelibdir\=./.gem.20260916-9884-kwzqt9
make: 警告: 子 make 中强制 -j3: 重置 jobserver 模式。
compiling mini_ssl.c
compiling http11_parser.c
compiling puma_http11.c
linking shared-object puma/puma_http11.so

current directory: /home/neko/rails/first/vendor/bundle/ruby/3.4.0/gems/puma-8.0.2/ext/puma_http11
make -j3 DESTDIR\= sitearchdir\=./.gem.20260916-9884-kwzqt9 sitelibdir\=./.gem.20260916-9884-kwzqt9 install
make: 警告: 子 make 中强制 -j3: 重置 jobserver 模式。
/usr/bin/install -c -m 0755 puma_http11.so ./.gem.20260916-9884-kwzqt9/puma

current directory: /home/neko/rails/first/vendor/bundle/ruby/3.4.0/gems/puma-8.0.2/ext/puma_http11
make DESTDIR\= sitearchdir\=./.gem.20260916-9884-kwzqt9 sitelibdir\=./.gem.20260916-9884-kwzqt9 clean
