current directory: /home/neko/rails/RailsPage/vendor/bundle/ruby/3.4.0/gems/prism-1.9.0/ext/prism
/usr/bin/ruby extconf.rb
checking for prism.h in /home/neko/rails/RailsPage/vendor/bundle/ruby/3.4.0/gems/prism-1.9.0/include... yes
checking for prism/extension.h in /home/neko/rails/RailsPage/vendor/bundle/ruby/3.4.0/gems/prism-1.9.0/ext... yes
checking for whether -fvisibility=hidden is accepted as CFLAGS... yes
creating Makefile

current directory: /home/neko/rails/RailsPage/vendor/bundle/ruby/3.4.0/gems/prism-1.9.0/ext/prism
make DESTDIR\= sitearchdir\=./.gem.20260925-6994-z5rr4p sitelibdir\=./.gem.20260925-6994-z5rr4p clean

current directory: /home/neko/rails/RailsPage/vendor/bundle/ruby/3.4.0/gems/prism-1.9.0/ext/prism
make DESTDIR\= sitearchdir\=./.gem.20260925-6994-z5rr4p sitelibdir\=./.gem.20260925-6994-z5rr4p
compiling api_node.c
compiling api_pack.c
compiling extension.c
compiling ./../../src/diagnostic.c
compiling ./../../src/encoding.c
compiling ./../../src/node.c
compiling ./../../src/options.c
compiling ./../../src/pack.c
compiling ./../../src/prettyprint.c
compiling ./../../src/prism.c
compiling ./../../src/regexp.c
compiling ./../../src/serialize.c
compiling ./../../src/static_literals.c
compiling ./../../src/token_type.c
compiling ./../../src/util/pm_buffer.c
compiling ./../../src/util/pm_char.c
compiling ./../../src/util/pm_constant_pool.c
compiling ./../../src/util/pm_integer.c
compiling ./../../src/util/pm_list.c
compiling ./../../src/util/pm_memchr.c
compiling ./../../src/util/pm_newline_list.c
compiling ./../../src/util/pm_string.c
./../../src/util/pm_memchr.c: 在函数‘pm_memchr’中:
./../../src/util/pm_memchr.c:31:16: warning: return discards ‘const’ qualifier from pointer target type [-Wdiscarded-qualifiers]
   31 |         return memchr(memory, character, number);
      |                ^~~~~~
compiling ./../../src/util/pm_strncasecmp.c
compiling ./../../src/util/pm_strpbrk.c
linking shared-object prism/prism.so

current directory: /home/neko/rails/RailsPage/vendor/bundle/ruby/3.4.0/gems/prism-1.9.0/ext/prism
make DESTDIR\= sitearchdir\=./.gem.20260925-6994-z5rr4p sitelibdir\=./.gem.20260925-6994-z5rr4p install
/usr/bin/install -c -m 0755 prism.so ./.gem.20260925-6994-z5rr4p/prism

current directory: /home/neko/rails/RailsPage/vendor/bundle/ruby/3.4.0/gems/prism-1.9.0/ext/prism
make DESTDIR\= sitearchdir\=./.gem.20260925-6994-z5rr4p sitelibdir\=./.gem.20260925-6994-z5rr4p clean
