current directory: /home/neko/rails/first/vendor/bundle/ruby/3.4.0/gems/io-console-0.9.3/ext/io/console
/usr/bin/ruby extconf.rb
checking for rb_interned_str_cstr()... yes
checking for rb_ractor_local_storage_value_newkey()... yes
checking for rb_io_descriptor() in ruby/io.h... yes
checking for rb_io_path() in ruby/io.h... yes
checking for rb_io_closed_p() in ruby/io.h... yes
checking for rb_io_open_descriptor() in ruby/io.h... yes
checking for termios.h... yes
checking for cfmakeraw() in termios.h... yes
checking for sys/ioctl.h... yes
checking for HAVE_RUBY_FIBER_SCHEDULER_H... yes
checking for rb_category_warn()... yes
checking for RB_WARN_CATEGORY_DEPRECATED... yes
checking for ttyname_r()... yes
checking for rb_prepend_module()... yes
checking for gperf... yes
creating Makefile

current directory: /home/neko/rails/first/vendor/bundle/ruby/3.4.0/gems/io-console-0.9.3/ext/io/console
make -j3 DESTDIR\= sitearchdir\=./.gem.20260917-111572-ho2m1f sitelibdir\=./.gem.20260917-111572-ho2m1f clean
make: 警告: 子 make 中强制 -j3: 重置 jobserver 模式。

current directory: /home/neko/rails/first/vendor/bundle/ruby/3.4.0/gems/io-console-0.9.3/ext/io/console
make -j3 DESTDIR\= sitearchdir\=./.gem.20260917-111572-ho2m1f sitelibdir\=./.gem.20260917-111572-ho2m1f
make: 警告: 子 make 中强制 -j3: 重置 jobserver 模式。
compiling console.c
linking shared-object io/console.so

current directory: /home/neko/rails/first/vendor/bundle/ruby/3.4.0/gems/io-console-0.9.3/ext/io/console
make -j3 DESTDIR\= sitearchdir\=./.gem.20260917-111572-ho2m1f sitelibdir\=./.gem.20260917-111572-ho2m1f install
make: 警告: 子 make 中强制 -j3: 重置 jobserver 模式。
/usr/bin/install -c -m 0755 console.so ./.gem.20260917-111572-ho2m1f/io

current directory: /home/neko/rails/first/vendor/bundle/ruby/3.4.0/gems/io-console-0.9.3/ext/io/console
make DESTDIR\= sitearchdir\=./.gem.20260917-111572-ho2m1f sitelibdir\=./.gem.20260917-111572-ho2m1f clean
