current directory: /home/neko/rails/first/vendor/bundle/ruby/3.4.0/gems/ed25519-1.4.0/ext/ed25519_ref10
/usr/bin/ruby extconf.rb
checking for whether -Wall is accepted as CFLAGS... yes
checking for whether -O3 is accepted as CFLAGS... yes
checking for whether -pedantic is accepted as CFLAGS... yes
checking for whether -std=c99 is accepted as CFLAGS... no
creating Makefile

current directory: /home/neko/rails/first/vendor/bundle/ruby/3.4.0/gems/ed25519-1.4.0/ext/ed25519_ref10
make -j3 DESTDIR\= sitearchdir\=./.gem.20260917-85644-azt3in sitelibdir\=./.gem.20260917-85644-azt3in clean
make: 警告: 子 make 中强制 -j3: 重置 jobserver 模式。

current directory: /home/neko/rails/first/vendor/bundle/ruby/3.4.0/gems/ed25519-1.4.0/ext/ed25519_ref10
make -j3 DESTDIR\= sitearchdir\=./.gem.20260917-85644-azt3in sitelibdir\=./.gem.20260917-85644-azt3in
make: 警告: 子 make 中强制 -j3: 重置 jobserver 模式。
compiling ed25519_ref10.c
compiling fe.c
compiling ge.c
compiling keypair.c
compiling open.c
compiling sc_muladd.c
compiling sc_reduce.c
compiling sha512.c
compiling sign.c
compiling verify.c
linking shared-object ed25519_ref10.so

current directory: /home/neko/rails/first/vendor/bundle/ruby/3.4.0/gems/ed25519-1.4.0/ext/ed25519_ref10
make -j3 DESTDIR\= sitearchdir\=./.gem.20260917-85644-azt3in sitelibdir\=./.gem.20260917-85644-azt3in install
make: 警告: 子 make 中强制 -j3: 重置 jobserver 模式。
/usr/bin/install -c -m 0755 ed25519_ref10.so ./.gem.20260917-85644-azt3in

current directory: /home/neko/rails/first/vendor/bundle/ruby/3.4.0/gems/ed25519-1.4.0/ext/ed25519_ref10
make DESTDIR\= sitearchdir\=./.gem.20260917-85644-azt3in sitelibdir\=./.gem.20260917-85644-azt3in clean
