current directory: /home/neko/rails/first/vendor/bundle/ruby/3.4.0/gems/bcrypt_pbkdf-1.1.2/ext/mri
/usr/bin/ruby extconf.rb
creating Makefile

current directory: /home/neko/rails/first/vendor/bundle/ruby/3.4.0/gems/bcrypt_pbkdf-1.1.2/ext/mri
make -j3 DESTDIR\= sitearchdir\=./.gem.20260917-111572-hc3laa sitelibdir\=./.gem.20260917-111572-hc3laa clean
make: 警告: 子 make 中强制 -j3: 重置 jobserver 模式。

current directory: /home/neko/rails/first/vendor/bundle/ruby/3.4.0/gems/bcrypt_pbkdf-1.1.2/ext/mri
make -j3 DESTDIR\= sitearchdir\=./.gem.20260917-111572-hc3laa sitelibdir\=./.gem.20260917-111572-hc3laa
make: 警告: 子 make 中强制 -j3: 重置 jobserver 模式。
compiling bcrypt_pbkdf.c
compiling bcrypt_pbkdf_ext.c
compiling blowfish.c
compiling explicit_bzero.c
compiling hash_sha512.c
linking shared-object bcrypt_pbkdf_ext.so

current directory: /home/neko/rails/first/vendor/bundle/ruby/3.4.0/gems/bcrypt_pbkdf-1.1.2/ext/mri
make -j3 DESTDIR\= sitearchdir\=./.gem.20260917-111572-hc3laa sitelibdir\=./.gem.20260917-111572-hc3laa install
make: 警告: 子 make 中强制 -j3: 重置 jobserver 模式。
/usr/bin/install -c -m 0755 bcrypt_pbkdf_ext.so ./.gem.20260917-111572-hc3laa

current directory: /home/neko/rails/first/vendor/bundle/ruby/3.4.0/gems/bcrypt_pbkdf-1.1.2/ext/mri
make DESTDIR\= sitearchdir\=./.gem.20260917-111572-hc3laa sitelibdir\=./.gem.20260917-111572-hc3laa clean
