current directory: /home/neko/rails/first/vendor/bundle/ruby/3.4.0/gems/json-3.0.2/ext/json/ext/parser
/usr/bin/ruby extconf.rb
checking for rb_enc_interned_str() in ruby/encoding.h... yes
checking for rb_str_to_interned_str() in ruby.h... yes
checking for rb_hash_new_capa() in ruby.h... yes
checking for rb_hash_bulk_insert() in ruby.h... yes
checking for ruby_xfree_sized() in ruby.h... no
checking for x86intrin.h... yes
checking for _lzcnt_u64() in x86intrin.h... no
checking for intrin.h... no
checking for RUBY_TYPED_EMBEDDABLE in ruby.h... yes
checking for whether -std=c99 is accepted as CFLAGS... yes
checking for whether -mno-outline is accepted as CFLAGS... no
checking for x86intrin.h... yes
checking for cpuid.h... yes
creating Makefile

current directory: /home/neko/rails/first/vendor/bundle/ruby/3.4.0/gems/json-3.0.2/ext/json/ext/parser
make -j3 DESTDIR\= sitearchdir\=./.gem.20260917-111572-ce32uw sitelibdir\=./.gem.20260917-111572-ce32uw clean
make: 警告: 子 make 中强制 -j3: 重置 jobserver 模式。

current directory: /home/neko/rails/first/vendor/bundle/ruby/3.4.0/gems/json-3.0.2/ext/json/ext/parser
make -j3 DESTDIR\= sitearchdir\=./.gem.20260917-111572-ce32uw sitelibdir\=./.gem.20260917-111572-ce32uw
make: 警告: 子 make 中强制 -j3: 重置 jobserver 模式。
compiling parser.c
linking shared-object json/ext/parser.so

current directory: /home/neko/rails/first/vendor/bundle/ruby/3.4.0/gems/json-3.0.2/ext/json/ext/parser
make -j3 DESTDIR\= sitearchdir\=./.gem.20260917-111572-ce32uw sitelibdir\=./.gem.20260917-111572-ce32uw install
make: 警告: 子 make 中强制 -j3: 重置 jobserver 模式。
/usr/bin/install -c -m 0755 parser.so ./.gem.20260917-111572-ce32uw/json/ext

current directory: /home/neko/rails/first/vendor/bundle/ruby/3.4.0/gems/json-3.0.2/ext/json/ext/parser
make DESTDIR\= sitearchdir\=./.gem.20260917-111572-ce32uw sitelibdir\=./.gem.20260917-111572-ce32uw clean
