current directory: /home/neko/rails/first/vendor/bundle/ruby/3.4.0/gems/date-3.5.1/ext/date
/usr/bin/ruby extconf.rb
checking for rb_category_warn()... yes
checking for timezone in time.h with -Werror... yes
checking for altzone in time.h with -Werror... no
creating Makefile

current directory: /home/neko/rails/first/vendor/bundle/ruby/3.4.0/gems/date-3.5.1/ext/date
make DESTDIR\= sitearchdir\=./.gem.20260917-85644-hdhh09 sitelibdir\=./.gem.20260917-85644-hdhh09 clean

current directory: /home/neko/rails/first/vendor/bundle/ruby/3.4.0/gems/date-3.5.1/ext/date
make DESTDIR\= sitearchdir\=./.gem.20260917-85644-hdhh09 sitelibdir\=./.gem.20260917-85644-hdhh09
compiling date_core.c
compiling date_parse.c
compiling date_strftime.c
compiling date_strptime.c
linking shared-object date_core.so

current directory: /home/neko/rails/first/vendor/bundle/ruby/3.4.0/gems/date-3.5.1/ext/date
make DESTDIR\= sitearchdir\=./.gem.20260917-85644-hdhh09 sitelibdir\=./.gem.20260917-85644-hdhh09 install
/usr/bin/install -c -m 0755 date_core.so ./.gem.20260917-85644-hdhh09

current directory: /home/neko/rails/first/vendor/bundle/ruby/3.4.0/gems/date-3.5.1/ext/date
make DESTDIR\= sitearchdir\=./.gem.20260917-85644-hdhh09 sitelibdir\=./.gem.20260917-85644-hdhh09 clean
